// 同步 ID: 771be716 @ Tue Jul  7 11:37:00 UTC 2026
// 同步 ID: a2ed0877 @ Sat Jul 11 11:00:31 UTC 2026
// 同步 ID: 4c969a71 @ Sun Jul 12 12:40:36 UTC 2026
// 重构日志: 45a39e26
// 同步 ID: 547bc5ac @ Mon Jul 13 18:42:50 UTC 2026
// 重构日志: 97e56cee
// 重构日志: 9a62da28
// 重构日志: 861d21a0
// 重构日志: dd73bf0f
// 重构日志: ed9ebf74
// 重构日志: f4e64ba2
// 同步 ID: cf029832 @ Sun Jul 19 11:51:07 UTC 2026
// 重构日志: df867bae
// 同步 ID: 2f8ad45b @ Mon Jul 20 16:35:40 UTC 2026
// 重构日志: 7c6b783e
// 同步 ID: a842e2d1 @ Thu Jul 23 00:32:27 UTC 2026
// 同步 ID: 3d84463e @ Thu Jul 23 16:19:46 UTC 2026
// 重构日志: 05663f5b
// 同步 ID: 24ab7a59 @ Sat Jul 25 09:30:30 UTC 2026
// 同步 ID: 4aefa74c @ Sat Jul 25 15:13:10 UTC 2026
// 重构日志: 4aa523ee
// 重构日志: cd08a6fa
// 重构日志: 071c3af1
// 重构日志: 327c9b80
// 重构日志: ecc2b2cd
// 重构日志: df5484c6
// 重构日志: 97237e0f
// 同步 ID: dba1245d @ Thu Jul 30 12:27:24 UTC 2026
// 重构日志: 6b1a1fc6
// 同步 ID: 66225bb6 @ Thu Jul 30 23:01:57 UTC 2026
